
> react-kavia@0.1.0 start
> react-scripts start

Attempting to bind to HOST environment variable: 0.0.0.0
If this was unintentional, check that you haven't mistakenly set it in your shell.
Learn more here: https://cra.link/advanced-config

(node:4388) [DEP_WEBPACK_DEV_SERVER_ON_AFTER_SETUP_MIDDLEWARE] DeprecationWarning: 'onAfterSetupMiddleware' option is deprecated. Please use the 'setupMiddlewares' option.
(Use `node --trace-deprecation ...` to show where the warning was created)
(node:4388) [DEP_WEBPACK_DEV_SERVER_ON_BEFORE_SETUP_MIDDLEWARE] DeprecationWarning: 'onBeforeSetupMiddleware' option is deprecated. Please use the 'setupMiddlewares' option.
Starting the development server...

Compiled with warnings.

[eslint] 
src/GameControls.js
  Line 13:5:  'board' is assigned a value but never used  no-unused-vars

Search for the keywords to learn more about each warning.
To ignore, add // eslint-disable-next-line to the line before.

WARNING in [eslint] 
src/GameControls.js
  Line 13:5:  'board' is assigned a value but never used  no-unused-vars

webpack compiled with 1 warning
Compiling...
Compiled with warnings.

[eslint] 
src/GameContext.js
  Line 155:9:   'cells' is assigned a value but never used   no-unused-vars
  Line 178:10:  'calculateWinner' is defined but never used  no-unused-vars

src/GameControls.js
  Line 13:5:  'board' is assigned a value but never used  no-unused-vars

src/api.js
  Line 24:5:  Expected an error object to be thrown  no-throw-literal

Search for the keywords to learn more about each warning.
To ignore, add // eslint-disable-next-line to the line before.

WARNING in [eslint] 
src/GameContext.js
  Line 155:9:   'cells' is assigned a value but never used   no-unused-vars
  Line 178:10:  'calculateWinner' is defined but never used  no-unused-vars

src/GameControls.js
  Line 13:5:  'board' is assigned a value but never used  no-unused-vars

src/api.js
  Line 24:5:  Expected an error object to be thrown  no-throw-literal

webpack compiled with 1 warning
